// Jest Snapshot v1, https://goo.gl/fbAQLP

exports[`Loader should render loader correctly  1`] = `
<div
  className="loader-wrapper"
>
  <div
    className="loader"
  >
    <div
      className="face"
    >
      <div
        className="circle"
      />
    </div>
    <div
      className="face"
    >
      <div
        className="circle"
      />
    </div>
  </div>
</div>
`;
