// Jest Snapshot v1, https://goo.gl/fbAQLP

exports[`Score should render score correctly  1`] = `
<div
  className="score"
>
  <h2>
    Score
  </h2>
  <div
    className="container"
  >
    <div
      className="row justify-content-center"
      key="score-0"
    >
      <div
        className="col-md-6 col-10 text-left"
      >
        <h2>
          Player 
          1
          :
        </h2>
      </div>
      <div
        className="col-md-5 col-2 text-right"
      >
        <h2>
          1
        </h2>
      </div>
    </div>
    <div
      className="row justify-content-center"
      key="score-1"
    >
      <div
        className="col-md-6 col-10 text-left"
      >
        <h2>
          Player 
          2
          :
        </h2>
      </div>
      <div
        className="col-md-5 col-2 text-right"
      >
        <h2>
          2
        </h2>
      </div>
    </div>
    <div
      className="row justify-content-center"
      key="score-2"
    >
      <div
        className="col-md-6 col-10 text-left"
      >
        <h2>
          Player 
          3
          :
        </h2>
      </div>
      <div
        className="col-md-5 col-2 text-right"
      >
        <h2>
          3
        </h2>
      </div>
    </div>
  </div>
</div>
`;
